// Jest Snapshot v1, https://goo.gl/fbAQLP

exports[`Categories presenter returns the view model with the categories 1`] = `
Object {
  "categories": Array [
    Object {
      "id": "pizza",
      "onSelect": [Function],
      "selected": true,
      "title": "üçï Pizza",
    },
    Object {
      "id": "drink",
      "onSelect": [Function],
      "selected": false,
      "title": "üçπ Drinks",
    },
    Object {
      "id": "side",
      "onSelect": [Function],
      "selected": false,
      "title": "üçü Sides",
    },
  ],
}
`;
